I'm sorry, but errors were detected in your script. Please correct the
errors listed below, and try again.


File "game/script-monika.rpy", line 24: if statement expects a non-empty block.
    if win > 0:
               ^

File "game/script-monika.rpy", line 103: expected statement.
    elif (rps_npc, rps_player) in rps_beats:
                               ^

File "game/script-monika.rpy", line 117: expected statement.
    else:
        ^

File "game/script-monika.rpy", line 192: if statement expects a non-empty block.
    if win > 0:
               ^

Ren'Py Version: Ren'Py 7.3.5.606
Fri Feb 19 08:12:50 2021
